2025-02-28T21:00:43.684+08:00  INFO 9888 --- [CommentAnalysis] [main] c.b.c.CommentAnalysisApplication         : Starting CommentAnalysisApplication v2.2 using Java 22.0.1 with PID 9888 (E:\Comment Analysis Git\User-fine-grained-sentiment-analysis-and-visualization-system\BackEnd\CommentAnalysis\target\analysis_reviews-2.2.jar started by thunder lee in E:\Comment Analysis Git\User-fine-grained-sentiment-analysis-and-visualization-system\BackEnd\CommentAnalysis)
2025-02-28T21:00:43.701+08:00  INFO 9888 --- [CommentAnalysis] [main] c.b.c.CommentAnalysisApplication         : No active profile set, falling back to 1 default profile: "default"
2025-02-28T21:00:45.479+08:00  INFO 9888 --- [CommentAnalysis] [main] .s.d.r.c.RepositoryConfigurationDelegate : Multiple Spring Data modules found, entering strict repository configuration mode
2025-02-28T21:00:45.488+08:00  INFO 9888 --- [CommentAnalysis] [main] .s.d.r.c.RepositoryConfigurationDelegate : Bootstrapping Spring Data Neo4j repositories in DEFAULT mode.
2025-02-28T21:00:45.631+08:00  INFO 9888 --- [CommentAnalysis] [main] .s.d.r.c.RepositoryConfigurationDelegate : Finished Spring Data repository scanning in 135 ms. Found 1 Neo4j repository interface.
2025-02-28T21:00:46.022+08:00  INFO 9888 --- [CommentAnalysis] [main] .s.d.r.c.RepositoryConfigurationDelegate : Multiple Spring Data modules found, entering strict repository configuration mode
2025-02-28T21:00:46.024+08:00  INFO 9888 --- [CommentAnalysis] [main] .s.d.r.c.RepositoryConfigurationDelegate : Bootstrapping Spring Data Neo4j repositories in DEFAULT mode.
2025-02-28T21:00:46.043+08:00  INFO 9888 --- [CommentAnalysis] [main] .s.d.r.c.RepositoryConfigurationDelegate : Finished Spring Data repository scanning in 18 ms. Found 0 Neo4j repository interfaces.
2025-02-28T21:00:46.064+08:00  INFO 9888 --- [CommentAnalysis] [main] .s.d.r.c.RepositoryConfigurationDelegate : Multiple Spring Data modules found, entering strict repository configuration mode
2025-02-28T21:00:46.066+08:00  INFO 9888 --- [CommentAnalysis] [main] .s.d.r.c.RepositoryConfigurationDelegate : Bootstrapping Spring Data Redis repositories in DEFAULT mode.
2025-02-28T21:00:46.084+08:00  INFO 9888 --- [CommentAnalysis] [main] .RepositoryConfigurationExtensionSupport : Spring Data Redis - Could not safely identify store assignment for repository candidate interface com.backend.commentanalysis.repository.ProductRepository; If you want this repository to be a Redis repository, consider annotating your entities with one of these annotations: org.springframework.data.redis.core.RedisHash (preferred), or consider extending one of the following types with your repository: org.springframework.data.keyvalue.repository.KeyValueRepository
2025-02-28T21:00:46.085+08:00  INFO 9888 --- [CommentAnalysis] [main] .s.d.r.c.RepositoryConfigurationDelegate : Finished Spring Data repository scanning in 7 ms. Found 0 Redis repository interfaces.
2025-02-28T21:00:47.486+08:00  INFO 9888 --- [CommentAnalysis] [main] o.s.b.w.embedded.tomcat.TomcatWebServer  : Tomcat initialized with port 8081 (http)
2025-02-28T21:00:47.518+08:00  INFO 9888 --- [CommentAnalysis] [main] o.apache.catalina.core.StandardService   : Starting service [Tomcat]
2025-02-28T21:00:47.519+08:00  INFO 9888 --- [CommentAnalysis] [main] o.apache.catalina.core.StandardEngine    : Starting Servlet engine: [Apache Tomcat/10.1.30]
2025-02-28T21:00:47.661+08:00  INFO 9888 --- [CommentAnalysis] [main] o.a.c.c.C.[Tomcat].[localhost].[/]       : Initializing Spring embedded WebApplicationContext
2025-02-28T21:00:47.661+08:00  INFO 9888 --- [CommentAnalysis] [main] w.s.c.ServletWebServerApplicationContext : Root WebApplicationContext: initialization completed in 3862 ms
2025-02-28T21:00:49.472+08:00  INFO 9888 --- [CommentAnalysis] [main] o.neo4j.driver.internal.DriverFactory    : Direct driver instance 1138670146 created for server address localhost:7687
2025-02-28T21:00:49.663+08:00  WARN 9888 --- [CommentAnalysis] [main] o.s.d.n.c.mapping.Neo4jPersistentEntity  : The entity com.backend.commentanalysis.entity.neo4j.OpinionNeo4j is using a Long value for storing internally generated Neo4j ids. The Neo4j internal Long Ids are deprecated, please consider using an external ID generator.
2025-02-28T21:00:49.738+08:00  WARN 9888 --- [CommentAnalysis] [main] o.s.d.n.c.mapping.Neo4jPersistentEntity  : The entity com.backend.commentanalysis.entity.neo4j.AspectNeo4j is using a Long value for storing internally generated Neo4j ids. The Neo4j internal Long Ids are deprecated, please consider using an external ID generator.
2025-02-28T21:00:49.751+08:00  WARN 9888 --- [CommentAnalysis] [main] o.s.d.n.c.mapping.Neo4jPersistentEntity  : The entity com.backend.commentanalysis.entity.relation.HasOpinion is using a Long value for storing internally generated Neo4j ids. The Neo4j internal Long Ids are deprecated, please consider using an external ID generator.
2025-02-28T21:00:49.762+08:00  WARN 9888 --- [CommentAnalysis] [main] o.s.d.n.c.mapping.Neo4jPersistentEntity  : The entity com.backend.commentanalysis.entity.relation.HasAspect is using a Long value for storing internally generated Neo4j ids. The Neo4j internal Long Ids are deprecated, please consider using an external ID generator.
2025-02-28T21:00:53.082+08:00  INFO 9888 --- [CommentAnalysis] [main] o.s.b.w.embedded.tomcat.TomcatWebServer  : Tomcat started on port 8081 (http) with context path '/'
2025-02-28T21:00:53.125+08:00  INFO 9888 --- [CommentAnalysis] [main] c.b.c.CommentAnalysisApplication         : Started CommentAnalysisApplication in 10.412 seconds (process running for 11.543)
2025-02-28T21:03:40.728+08:00  INFO 9888 --- [CommentAnalysis] [SpringApplicationShutdownHook] o.neo4j.driver.internal.InternalDriver   : Closing driver instance 1138670146
2025-02-28T21:04:16.378+08:00  INFO 32240 --- [CommentAnalysis] [restartedMain] c.b.c.CommentAnalysisApplication         : Starting CommentAnalysisApplication using Java 21.0.1 with PID 32240 (E:\Comment Analysis Git\User-fine-grained-sentiment-analysis-and-visualization-system\BackEnd\CommentAnalysis\target\classes started by thunder lee in E:\Comment Analysis Git\User-fine-grained-sentiment-analysis-and-visualization-system\BackEnd\CommentAnalysis)
2025-02-28T21:04:16.383+08:00  INFO 32240 --- [CommentAnalysis] [restartedMain] c.b.c.CommentAnalysisApplication         : No active profile set, falling back to 1 default profile: "default"
2025-02-28T21:04:16.485+08:00  INFO 32240 --- [CommentAnalysis] [restartedMain] o.s.b.devtools.restart.ChangeableUrls    : The Class-Path manifest attribute in E:\apache-maven-3.9.8-bin\maven-repository\com\oracle\database\jdbc\ojdbc11\21.9.0.0\ojdbc11-21.9.0.0.jar referenced one or more files that do not exist: file:/E:/apache-maven-3.9.8-bin/maven-repository/com/oracle/database/jdbc/ojdbc11/21.9.0.0/oraclepki.jar
2025-02-28T21:04:16.485+08:00  INFO 32240 --- [CommentAnalysis] [restartedMain] .e.DevToolsPropertyDefaultsPostProcessor : Devtools property defaults active! Set 'spring.devtools.add-properties' to 'false' to disable
2025-02-28T21:04:16.486+08:00  INFO 32240 --- [CommentAnalysis] [restartedMain] .e.DevToolsPropertyDefaultsPostProcessor : For additional web related logging consider setting the 'logging.level.web' property to 'DEBUG'
2025-02-28T21:04:17.376+08:00  INFO 32240 --- [CommentAnalysis] [restartedMain] .s.d.r.c.RepositoryConfigurationDelegate : Multiple Spring Data modules found, entering strict repository configuration mode
2025-02-28T21:04:17.377+08:00  INFO 32240 --- [CommentAnalysis] [restartedMain] .s.d.r.c.RepositoryConfigurationDelegate : Bootstrapping Spring Data Neo4j repositories in DEFAULT mode.
2025-02-28T21:04:17.567+08:00  INFO 32240 --- [CommentAnalysis] [restartedMain] .s.d.r.c.RepositoryConfigurationDelegate : Finished Spring Data repository scanning in 178 ms. Found 1 Neo4j repository interface.
2025-02-28T21:04:17.856+08:00  INFO 32240 --- [CommentAnalysis] [restartedMain] .s.d.r.c.RepositoryConfigurationDelegate : Multiple Spring Data modules found, entering strict repository configuration mode
2025-02-28T21:04:17.856+08:00  INFO 32240 --- [CommentAnalysis] [restartedMain] .s.d.r.c.RepositoryConfigurationDelegate : Bootstrapping Spring Data Neo4j repositories in DEFAULT mode.
2025-02-28T21:04:17.886+08:00  INFO 32240 --- [CommentAnalysis] [restartedMain] .s.d.r.c.RepositoryConfigurationDelegate : Finished Spring Data repository scanning in 28 ms. Found 0 Neo4j repository interfaces.
2025-02-28T21:04:17.905+08:00  INFO 32240 --- [CommentAnalysis] [restartedMain] .s.d.r.c.RepositoryConfigurationDelegate : Multiple Spring Data modules found, entering strict repository configuration mode
2025-02-28T21:04:17.907+08:00  INFO 32240 --- [CommentAnalysis] [restartedMain] .s.d.r.c.RepositoryConfigurationDelegate : Bootstrapping Spring Data Redis repositories in DEFAULT mode.
2025-02-28T21:04:17.938+08:00  INFO 32240 --- [CommentAnalysis] [restartedMain] .RepositoryConfigurationExtensionSupport : Spring Data Redis - Could not safely identify store assignment for repository candidate interface com.backend.commentanalysis.repository.ProductRepository; If you want this repository to be a Redis repository, consider annotating your entities with one of these annotations: org.springframework.data.redis.core.RedisHash (preferred), or consider extending one of the following types with your repository: org.springframework.data.keyvalue.repository.KeyValueRepository
2025-02-28T21:04:17.939+08:00  INFO 32240 --- [CommentAnalysis] [restartedMain] .s.d.r.c.RepositoryConfigurationDelegate : Finished Spring Data repository scanning in 19 ms. Found 0 Redis repository interfaces.
2025-02-28T21:04:18.771+08:00  INFO 32240 --- [CommentAnalysis] [restartedMain] o.s.b.w.embedded.tomcat.TomcatWebServer  : Tomcat initialized with port 8081 (http)
2025-02-28T21:04:18.793+08:00  INFO 32240 --- [CommentAnalysis] [restartedMain] o.apache.catalina.core.StandardService   : Starting service [Tomcat]
2025-02-28T21:04:18.794+08:00  INFO 32240 --- [CommentAnalysis] [restartedMain] o.apache.catalina.core.StandardEngine    : Starting Servlet engine: [Apache Tomcat/10.1.30]
2025-02-28T21:04:18.865+08:00  INFO 32240 --- [CommentAnalysis] [restartedMain] o.a.c.c.C.[Tomcat].[localhost].[/]       : Initializing Spring embedded WebApplicationContext
2025-02-28T21:04:18.865+08:00  INFO 32240 --- [CommentAnalysis] [restartedMain] w.s.c.ServletWebServerApplicationContext : Root WebApplicationContext: initialization completed in 2378 ms
2025-02-28T21:04:18.892+08:00  WARN 32240 --- [CommentAnalysis] [restartedMain] .s.b.d.a.RemoteDevToolsAutoConfiguration : Listening for remote restart updates on /.~~spring-boot!~/restart
2025-02-28T21:04:19.579+08:00  INFO 32240 --- [CommentAnalysis] [restartedMain] o.neo4j.driver.internal.DriverFactory    : Direct driver instance 1668515922 created for server address localhost:7687
2025-02-28T21:04:19.729+08:00  WARN 32240 --- [CommentAnalysis] [restartedMain] o.s.d.n.c.mapping.Neo4jPersistentEntity  : The entity com.backend.commentanalysis.entity.neo4j.OpinionNeo4j is using a Long value for storing internally generated Neo4j ids. The Neo4j internal Long Ids are deprecated, please consider using an external ID generator.
2025-02-28T21:04:19.762+08:00  INFO 32240 --- [CommentAnalysis] [restartedMain] o.s.b.d.a.OptionalLiveReloadServer       : LiveReload server is running on port 35729
2025-02-28T21:04:19.767+08:00  WARN 32240 --- [CommentAnalysis] [restartedMain] o.s.d.n.c.mapping.Neo4jPersistentEntity  : The entity com.backend.commentanalysis.entity.neo4j.AspectNeo4j is using a Long value for storing internally generated Neo4j ids. The Neo4j internal Long Ids are deprecated, please consider using an external ID generator.
2025-02-28T21:04:19.777+08:00  WARN 32240 --- [CommentAnalysis] [restartedMain] o.s.d.n.c.mapping.Neo4jPersistentEntity  : The entity com.backend.commentanalysis.entity.relation.HasOpinion is using a Long value for storing internally generated Neo4j ids. The Neo4j internal Long Ids are deprecated, please consider using an external ID generator.
2025-02-28T21:04:19.780+08:00  WARN 32240 --- [CommentAnalysis] [restartedMain] o.s.d.n.c.mapping.Neo4jPersistentEntity  : The entity com.backend.commentanalysis.entity.relation.HasAspect is using a Long value for storing internally generated Neo4j ids. The Neo4j internal Long Ids are deprecated, please consider using an external ID generator.
2025-02-28T21:04:20.908+08:00  INFO 32240 --- [CommentAnalysis] [restartedMain] o.s.b.w.embedded.tomcat.TomcatWebServer  : Tomcat started on port 8081 (http) with context path '/'
2025-02-28T21:04:20.920+08:00  INFO 32240 --- [CommentAnalysis] [restartedMain] c.b.c.CommentAnalysisApplication         : Started CommentAnalysisApplication in 5.178 seconds (process running for 5.819)
2025-02-28T21:18:10.691+08:00  INFO 32240 --- [CommentAnalysis] [SpringApplicationShutdownHook] o.neo4j.driver.internal.InternalDriver   : Closing driver instance 1668515922
2025-02-28T21:21:04.856+08:00  INFO 30256 --- [CommentAnalysis] [restartedMain] c.b.c.CommentAnalysisApplication         : Starting CommentAnalysisApplication using Java 21.0.1 with PID 30256 (E:\Comment Analysis Git\User-fine-grained-sentiment-analysis-and-visualization-system\BackEnd\CommentAnalysis\target\classes started by thunder lee in E:\Comment Analysis Git\User-fine-grained-sentiment-analysis-and-visualization-system\BackEnd\CommentAnalysis)
2025-02-28T21:21:04.859+08:00  INFO 30256 --- [CommentAnalysis] [restartedMain] c.b.c.CommentAnalysisApplication         : No active profile set, falling back to 1 default profile: "default"
2025-02-28T21:21:04.939+08:00  INFO 30256 --- [CommentAnalysis] [restartedMain] o.s.b.devtools.restart.ChangeableUrls    : The Class-Path manifest attribute in E:\apache-maven-3.9.8-bin\maven-repository\com\oracle\database\jdbc\ojdbc11\21.9.0.0\ojdbc11-21.9.0.0.jar referenced one or more files that do not exist: file:/E:/apache-maven-3.9.8-bin/maven-repository/com/oracle/database/jdbc/ojdbc11/21.9.0.0/oraclepki.jar
2025-02-28T21:21:04.940+08:00  INFO 30256 --- [CommentAnalysis] [restartedMain] .e.DevToolsPropertyDefaultsPostProcessor : Devtools property defaults active! Set 'spring.devtools.add-properties' to 'false' to disable
2025-02-28T21:21:04.940+08:00  INFO 30256 --- [CommentAnalysis] [restartedMain] .e.DevToolsPropertyDefaultsPostProcessor : For additional web related logging consider setting the 'logging.level.web' property to 'DEBUG'
2025-02-28T21:21:05.654+08:00  INFO 30256 --- [CommentAnalysis] [restartedMain] .s.d.r.c.RepositoryConfigurationDelegate : Multiple Spring Data modules found, entering strict repository configuration mode
2025-02-28T21:21:05.655+08:00  INFO 30256 --- [CommentAnalysis] [restartedMain] .s.d.r.c.RepositoryConfigurationDelegate : Bootstrapping Spring Data Neo4j repositories in DEFAULT mode.
2025-02-28T21:21:05.768+08:00  INFO 30256 --- [CommentAnalysis] [restartedMain] .s.d.r.c.RepositoryConfigurationDelegate : Finished Spring Data repository scanning in 108 ms. Found 1 Neo4j repository interface.
2025-02-28T21:21:06.022+08:00  INFO 30256 --- [CommentAnalysis] [restartedMain] .s.d.r.c.RepositoryConfigurationDelegate : Multiple Spring Data modules found, entering strict repository configuration mode
2025-02-28T21:21:06.023+08:00  INFO 30256 --- [CommentAnalysis] [restartedMain] .s.d.r.c.RepositoryConfigurationDelegate : Bootstrapping Spring Data Neo4j repositories in DEFAULT mode.
2025-02-28T21:21:06.047+08:00  INFO 30256 --- [CommentAnalysis] [restartedMain] .s.d.r.c.RepositoryConfigurationDelegate : Finished Spring Data repository scanning in 23 ms. Found 0 Neo4j repository interfaces.
2025-02-28T21:21:06.061+08:00  INFO 30256 --- [CommentAnalysis] [restartedMain] .s.d.r.c.RepositoryConfigurationDelegate : Multiple Spring Data modules found, entering strict repository configuration mode
2025-02-28T21:21:06.062+08:00  INFO 30256 --- [CommentAnalysis] [restartedMain] .s.d.r.c.RepositoryConfigurationDelegate : Bootstrapping Spring Data Redis repositories in DEFAULT mode.
2025-02-28T21:21:06.083+08:00  INFO 30256 --- [CommentAnalysis] [restartedMain] .RepositoryConfigurationExtensionSupport : Spring Data Redis - Could not safely identify store assignment for repository candidate interface com.backend.commentanalysis.repository.ProductRepository; If you want this repository to be a Redis repository, consider annotating your entities with one of these annotations: org.springframework.data.redis.core.RedisHash (preferred), or consider extending one of the following types with your repository: org.springframework.data.keyvalue.repository.KeyValueRepository
2025-02-28T21:21:06.084+08:00  INFO 30256 --- [CommentAnalysis] [restartedMain] .s.d.r.c.RepositoryConfigurationDelegate : Finished Spring Data repository scanning in 13 ms. Found 0 Redis repository interfaces.
2025-02-28T21:21:06.783+08:00  INFO 30256 --- [CommentAnalysis] [restartedMain] o.s.b.w.embedded.tomcat.TomcatWebServer  : Tomcat initialized with port 8081 (http)
2025-02-28T21:21:06.800+08:00  INFO 30256 --- [CommentAnalysis] [restartedMain] o.apache.catalina.core.StandardService   : Starting service [Tomcat]
2025-02-28T21:21:06.801+08:00  INFO 30256 --- [CommentAnalysis] [restartedMain] o.apache.catalina.core.StandardEngine    : Starting Servlet engine: [Apache Tomcat/10.1.30]
2025-02-28T21:21:06.864+08:00  INFO 30256 --- [CommentAnalysis] [restartedMain] o.a.c.c.C.[Tomcat].[localhost].[/]       : Initializing Spring embedded WebApplicationContext
2025-02-28T21:21:06.865+08:00  INFO 30256 --- [CommentAnalysis] [restartedMain] w.s.c.ServletWebServerApplicationContext : Root WebApplicationContext: initialization completed in 1924 ms
2025-02-28T21:21:06.892+08:00  WARN 30256 --- [CommentAnalysis] [restartedMain] .s.b.d.a.RemoteDevToolsAutoConfiguration : Listening for remote restart updates on /.~~spring-boot!~/restart
2025-02-28T21:21:07.467+08:00  INFO 30256 --- [CommentAnalysis] [restartedMain] o.neo4j.driver.internal.DriverFactory    : Direct driver instance 1816087593 created for server address localhost:7687
2025-02-28T21:21:07.619+08:00  WARN 30256 --- [CommentAnalysis] [restartedMain] o.s.d.n.c.mapping.Neo4jPersistentEntity  : The entity com.backend.commentanalysis.entity.neo4j.OpinionNeo4j is using a Long value for storing internally generated Neo4j ids. The Neo4j internal Long Ids are deprecated, please consider using an external ID generator.
2025-02-28T21:21:07.650+08:00  INFO 30256 --- [CommentAnalysis] [restartedMain] o.s.b.d.a.OptionalLiveReloadServer       : LiveReload server is running on port 35729
2025-02-28T21:21:07.660+08:00  WARN 30256 --- [CommentAnalysis] [restartedMain] o.s.d.n.c.mapping.Neo4jPersistentEntity  : The entity com.backend.commentanalysis.entity.neo4j.AspectNeo4j is using a Long value for storing internally generated Neo4j ids. The Neo4j internal Long Ids are deprecated, please consider using an external ID generator.
2025-02-28T21:21:07.662+08:00  WARN 30256 --- [CommentAnalysis] [restartedMain] o.s.d.n.c.mapping.Neo4jPersistentEntity  : The entity com.backend.commentanalysis.entity.relation.HasAspect is using a Long value for storing internally generated Neo4j ids. The Neo4j internal Long Ids are deprecated, please consider using an external ID generator.
2025-02-28T21:21:07.665+08:00  WARN 30256 --- [CommentAnalysis] [restartedMain] o.s.d.n.c.mapping.Neo4jPersistentEntity  : The entity com.backend.commentanalysis.entity.relation.HasOpinion is using a Long value for storing internally generated Neo4j ids. The Neo4j internal Long Ids are deprecated, please consider using an external ID generator.
2025-02-28T21:21:08.563+08:00  INFO 30256 --- [CommentAnalysis] [restartedMain] o.s.b.w.embedded.tomcat.TomcatWebServer  : Tomcat started on port 8081 (http) with context path '/'
2025-02-28T21:21:08.571+08:00  INFO 30256 --- [CommentAnalysis] [restartedMain] c.b.c.CommentAnalysisApplication         : Started CommentAnalysisApplication in 4.207 seconds (process running for 4.766)
2025-02-28T21:23:16.251+08:00  INFO 30256 --- [CommentAnalysis] [SpringApplicationShutdownHook] o.neo4j.driver.internal.InternalDriver   : Closing driver instance 1816087593
